4.8138 	EXP 	STAIRCASE start=450 floor=250 ceil=600 step_down=15 step_up=30
4.8140 	WARNING 	Monitor specification not found. Creating a temporary one...
4.9267 	WARNING 	User requested fullscreen with size [1280  800], but screen is actually [1920, 1080]. Using actual size
7.2757 	EXP 	Created window1 = Window(allowGUI=False, allowStencil=False, autoLog=True, backendConf=UNKNOWN, backgroundFit=<method-wrapper '__getattribute__' of attributeSetter object at 0x173ea03d0>, backgroundImage=<method-wrapper '__getattribute__' of attributeSetter object at 0x173ea0430>, bitsMode=UNKNOWN, blendMode='avg', bpc=(8, 8, 8), color=array([-0.5, -0.5, -0.5]), colorSpace='rgb', depthBits=8, fullscr=True, gamma=None, gammaErrorPolicy='raise', infoMsg=UNKNOWN, lms=UNKNOWN, monitor=<psychopy.monitors.calibTools.Monitor object at 0x174038df0>, multiSample=False, name='window1', numSamples=2, pos=[np.float64(0.0), np.float64(0.0)], screen=0, size=array([3840, 2160]), stencilBits=0, stereo=False, title='PsychoPy', units='height', useFBO=False, useRetina=True, viewOri=0.0, viewPos=None, viewScale=None, waitBlanking=True, winType='pyglet')
7.2757 	EXP 	window1: backgroundImage = None
7.2757 	EXP 	window1: backgroundFit = 'cover'
7.2838 	EXP 	Created unnamed Rect = Rect(__class__=<class 'psychopy.visual.rect.Rect'>, anchor=('center', 'center'), autoDraw=False, autoLog=True, closeShape=True, color=method-wrapper(...), colorSpace='rgb', contrast=None, depth=0, draggable=False, fillColor=array([0.85, 0.85, 0.85]), fillColorSpace='rgb', fillRGB=array([0.85, 0.85, 0.85]), interpolate=True, lineColor=array([0.4, 0.4, 0.4]), lineColorSpace='rgb', lineRGB=array([0.4, 0.4, 0.4]), lineWidth=2, name='unnamed Rect', opacity=1, ori=0.0, pos=array([-0.42,  0.  ]), size=array([0.34, 0.42]), units='height', vertices=ndarray(...), win=Window(...))
7.2842 	EXP 	Created unnamed Rect = Rect(__class__=<class 'psychopy.visual.rect.Rect'>, anchor=('center', 'center'), autoDraw=False, autoLog=True, closeShape=True, color=method-wrapper(...), colorSpace='rgb', contrast=None, depth=0, draggable=False, fillColor=array([0.85, 0.85, 0.85]), fillColorSpace='rgb', fillRGB=array([0.85, 0.85, 0.85]), interpolate=True, lineColor=array([0.4, 0.4, 0.4]), lineColorSpace='rgb', lineRGB=array([0.4, 0.4, 0.4]), lineWidth=2, name='unnamed Rect', opacity=1, ori=0.0, pos=array([0., 0.]), size=array([0.34, 0.42]), units='height', vertices=ndarray(...), win=Window(...))
7.2845 	EXP 	Created unnamed Rect = Rect(__class__=<class 'psychopy.visual.rect.Rect'>, anchor=('center', 'center'), autoDraw=False, autoLog=True, closeShape=True, color=method-wrapper(...), colorSpace='rgb', contrast=None, depth=0, draggable=False, fillColor=array([0.85, 0.85, 0.85]), fillColorSpace='rgb', fillRGB=array([0.85, 0.85, 0.85]), interpolate=True, lineColor=array([0.4, 0.4, 0.4]), lineColorSpace='rgb', lineRGB=array([0.4, 0.4, 0.4]), lineWidth=2, name='unnamed Rect', opacity=1, ori=0.0, pos=array([0.42, 0.  ]), size=array([0.34, 0.42]), units='height', vertices=ndarray(...), win=Window(...))
7.3189 	EXP 	Created unnamed ImageStim = ImageStim(__class__=<class 'psychopy.visual.image.ImageStim'>, anchor=('center', 'center'), autoLog=True, color=array([1., 1., 1.]), colorSpace='rgb', contrast=1.0, depth=0, draggable=False, flipHoriz=np.False_, flipVert=np.False_, image='stimuli/shapes/heart.png', interpolate=False, mask=None, maskParams=None, name='unnamed ImageStim', opacity=1, ori=0.0, pos=array([0., 0.]), size=array([0.24, 0.24]), texRes=128, units='height', win=Window(...))
7.3213 	EXP 	Created unnamed ImageStim = ImageStim(__class__=<class 'psychopy.visual.image.ImageStim'>, anchor=('center', 'center'), autoLog=True, color=array([1., 1., 1.]), colorSpace='rgb', contrast=1.0, depth=0, draggable=False, flipHoriz=np.False_, flipVert=np.False_, image='stimuli/shapes/circle.png', interpolate=False, mask=None, maskParams=None, name='unnamed ImageStim', opacity=1, ori=0.0, pos=array([0., 0.]), size=array([0.24, 0.24]), texRes=128, units='height', win=Window(...))
7.3233 	EXP 	Created unnamed ImageStim = ImageStim(__class__=<class 'psychopy.visual.image.ImageStim'>, anchor=('center', 'center'), autoLog=True, color=array([1., 1., 1.]), colorSpace='rgb', contrast=1.0, depth=0, draggable=False, flipHoriz=np.False_, flipVert=np.False_, image='stimuli/shapes/triangle.png', interpolate=False, mask=None, maskParams=None, name='unnamed ImageStim', opacity=1, ori=0.0, pos=array([0., 0.]), size=array([0.24, 0.24]), texRes=128, units='height', win=Window(...))
7.3260 	EXP 	Created unnamed ShapeStim = ShapeStim(__class__=<class 'psychopy.visual.shape.ShapeStim'>, anchor=('center', 'center'), autoDraw=False, autoLog=True, closeShape=True, color=method-wrapper(...), colorSpace='rgb', contrast=None, depth=0, draggable=False, fillColor=array([1, 1, 1]), fillColorSpace='rgb', fillRGB=array([1, 1, 1]), interpolate=True, lineColor=array([1., 1., 1.]), lineColorSpace='rgb', lineRGB=array([1, 1, 1]), lineWidth=1.5, name='unnamed ShapeStim', opacity=1.0, ori=180.0, pos=array([-0.42, -0.3 ]), size=array([1., 1.]), units='height', vertices=ndarray(...), win=Window(...), windingRule=None)
7.3267 	EXP 	Created unnamed ShapeStim = ShapeStim(__class__=<class 'psychopy.visual.shape.ShapeStim'>, anchor=('center', 'center'), autoDraw=False, autoLog=True, closeShape=True, color=method-wrapper(...), colorSpace='rgb', contrast=None, depth=0, draggable=False, fillColor=array([1, 1, 1]), fillColorSpace='rgb', fillRGB=array([1, 1, 1]), interpolate=True, lineColor=array([1., 1., 1.]), lineColorSpace='rgb', lineRGB=array([1, 1, 1]), lineWidth=1.5, name='unnamed ShapeStim', opacity=1.0, ori=90.0, pos=array([ 0. , -0.3]), size=array([1., 1.]), units='height', vertices=ndarray(...), win=Window(...), windingRule=None)
7.3273 	EXP 	Created unnamed ShapeStim = ShapeStim(__class__=<class 'psychopy.visual.shape.ShapeStim'>, anchor=('center', 'center'), autoDraw=False, autoLog=True, closeShape=True, color=method-wrapper(...), colorSpace='rgb', contrast=None, depth=0, draggable=False, fillColor=array([1, 1, 1]), fillColorSpace='rgb', fillRGB=array([1, 1, 1]), interpolate=True, lineColor=array([1., 1., 1.]), lineColorSpace='rgb', lineRGB=array([1, 1, 1]), lineWidth=1.5, name='unnamed ShapeStim', opacity=1.0, ori=0.0, pos=array([ 0.42, -0.3 ]), size=array([1., 1.]), units='height', vertices=ndarray(...), win=Window(...), windingRule=None)
7.3319 	EXP 	Created unnamed TextStim = TextStim(__class__=<class 'psychopy.visual.text.TextStim'>, alignHoriz=method-wrapper(...), alignText='center', alignVert=method-wrapper(...), anchorHoriz='right', anchorVert='center', antialias=True, autoDraw=False, autoLog=True, bold=False, color=array([1., 1., 1.]), colorSpace='rgb', contrast=1.0, depth=0, draggable=False, flipHoriz=False, flipVert=False, font='', fontFiles=[], height=0.035, italic=False, languageStyle='LTR', name='unnamed TextStim', opacity=1.0, ori=0.0, pos=array([0.84888889, 0.45      ]), rgb=UNKNOWN, text='', units='height', win=Window(...), wrapWidth=1)
7.3323 	EXP 	Created unnamed TextStim = TextStim(__class__=<class 'psychopy.visual.text.TextStim'>, alignHoriz=method-wrapper(...), alignText='center', alignVert=method-wrapper(...), anchorHoriz='right', anchorVert='center', antialias=True, autoDraw=False, autoLog=True, bold=False, color=array([1., 1., 1.]), colorSpace='rgb', contrast=1.0, depth=0, draggable=False, flipHoriz=False, flipVert=False, font='', fontFiles=[], height=0.035, italic=False, languageStyle='LTR', name='unnamed TextStim', opacity=1.0, ori=0.0, pos=array([0.84888889, 0.45      ]), rgb=UNKNOWN, text='', units='height', win=Window(...), wrapWidth=1)
7.3328 	EXP 	Created unnamed Rect = Rect(__class__=<class 'psychopy.visual.rect.Rect'>, anchor=('center', 'center'), autoDraw=False, autoLog=True, closeShape=True, color=method-wrapper(...), colorSpace='rgb', contrast=None, depth=0, draggable=False, fillColor=array([0.2, 0.2, 0.2]), fillColorSpace='rgb', fillRGB=array([0.2, 0.2, 0.2]), interpolate=True, lineColor=array([0., 0., 0.]), lineColorSpace='rgb', lineRGB=array([0, 0, 0]), lineWidth=1.5, name='unnamed Rect', opacity=1, ori=0.0, pos=array([0.  , 0.49]), size=array([1.77777778, 0.012     ]), units='height', vertices=ndarray(...), win=Window(...))
7.3333 	EXP 	Created unnamed Rect = Rect(__class__=<class 'psychopy.visual.rect.Rect'>, anchor=('left', 'center'), autoDraw=False, autoLog=True, closeShape=True, color=method-wrapper(...), colorSpace='rgb', contrast=None, depth=0, draggable=False, fillColor=array([0.1, 0.6, 0.4]), fillColorSpace='rgb', fillRGB=array([0.1, 0.6, 0.4]), interpolate=True, lineColor=array([0., 0., 0.]), lineColorSpace='rgb', lineRGB=array([0, 0, 0]), lineWidth=1.5, name='unnamed Rect', opacity=1, ori=0.0, pos=array([0.  , 0.49]), size=array([0.0001, 0.012 ]), units='height', vertices=ndarray(...), win=Window(...))
7.3336 	EXP 	Created unnamed TextStim = TextStim(__class__=<class 'psychopy.visual.text.TextStim'>, alignHoriz=method-wrapper(...), alignText='center', alignVert=method-wrapper(...), anchorHoriz='center', anchorVert='center', antialias=True, autoDraw=False, autoLog=True, bold=False, color=array([1., 1., 1.]), colorSpace='rgb', contrast=1.0, depth=0, draggable=False, flipHoriz=False, flipVert=False, font='', fontFiles=[], height=0.045, italic=False, languageStyle='LTR', name='unnamed TextStim', opacity=1.0, ori=0.0, pos=array([ 0.  , -0.36]), rgb=UNKNOWN, text='', units='height', win=Window(...), wrapWidth=1)
7.3345 	EXP 	Created unnamed TextStim = TextStim(__class__=<class 'psychopy.visual.text.TextStim'>, alignHoriz=method-wrapper(...), alignText='center', alignVert=method-wrapper(...), anchorHoriz='center', anchorVert='center', antialias=True, autoDraw=False, autoLog=True, bold=True, color=array([1., 1., 1.]), colorSpace='rgb', contrast=1.0, depth=0, draggable=False, flipHoriz=False, flipVert=False, font='Arial', fontFiles=[], height=0.1, italic=False, languageStyle='LTR', name='unnamed TextStim', opacity=1.0, ori=0.0, pos=array([0., 0.]), rgb=UNKNOWN, text='', units='height', win=Window(...), wrapWidth=1)
7.3351 	EXP 	Created unnamed ImageStim = ImageStim(__class__=<class 'psychopy.visual.image.ImageStim'>, anchor=('center', 'center'), autoLog=True, color=array([1., 1., 1.]), colorSpace='rgb', contrast=1.0, depth=0, draggable=False, flipHoriz=np.False_, flipVert=np.False_, image=None, interpolate=False, mask=None, maskParams=None, name='unnamed ImageStim', opacity=1, ori=0.0, pos=array([0., 0.]), size=array([1., 1.]), texRes=128, units='height', win=Window(...))
7.3617 	EXP 	Created unnamed TextStim = TextStim(__class__=<class 'psychopy.visual.text.TextStim'>, alignHoriz=method-wrapper(...), alignText='center', alignVert=method-wrapper(...), anchorHoriz='center', anchorVert='center', antialias=True, autoDraw=False, autoLog=True, bold=False, color=array([1., 1., 1.]), colorSpace='rgb', contrast=1.0, depth=0, draggable=False, flipHoriz=False, flipVert=False, font='', fontFiles=[], height=np.float64(0.08), italic=False, languageStyle='LTR', name='unnamed TextStim', opacity=1.0, ori=0.0, pos=array([0., 0.]), rgb=UNKNOWN, text='+', units='height', win=Window(...), wrapWidth=1)
7.3621 	EXP 	Created unnamed Rect = Rect(__class__=<class 'psychopy.visual.rect.Rect'>, anchor=('center', 'center'), autoDraw=False, autoLog=True, closeShape=True, color=method-wrapper(...), colorSpace='rgb', contrast=None, depth=0, draggable=False, fillColor=array([0, 0, 0]), fillColorSpace='rgb', fillRGB=array([0, 0, 0]), interpolate=True, lineColor=array([1., 1., 1.]), lineColorSpace='rgb', lineRGB=array([1, 1, 1]), lineWidth=15, name='unnamed Rect', opacity=1, ori=0.0, pos=array([0., 0.]), size=array([0.3, 0.3]), units='height', vertices=ndarray(...), win=Window(...))
7.3625 	EXP 	Created unnamed TextStim = TextStim(__class__=<class 'psychopy.visual.text.TextStim'>, alignHoriz=method-wrapper(...), alignText='center', alignVert=method-wrapper(...), anchorHoriz='center', anchorVert='center', antialias=True, autoDraw=False, autoLog=True, bold=True, color=array([1., 1., 1.]), colorSpace='rgb', contrast=1.0, depth=0, draggable=False, flipHoriz=False, flipVert=False, font='', fontFiles=[], height=0.07, italic=False, languageStyle='LTR', name='unnamed TextStim', opacity=1.0, ori=0.0, pos=array([0.  , 0.05]), rgb=UNKNOWN, text='', units='height', win=Window(...), wrapWidth=1)
7.3629 	EXP 	Created unnamed TextStim = TextStim(__class__=<class 'psychopy.visual.text.TextStim'>, alignHoriz=method-wrapper(...), alignText='center', alignVert=method-wrapper(...), anchorHoriz='center', anchorVert='center', antialias=True, autoDraw=False, autoLog=True, bold=False, color=array([1., 1., 1.]), colorSpace='rgb', contrast=1.0, depth=0, draggable=False, flipHoriz=False, flipVert=False, font='', fontFiles=[], height=0.04, italic=False, languageStyle='LTR', name='unnamed TextStim', opacity=1.0, ori=0.0, pos=array([ 0.  , -0.08]), rgb=UNKNOWN, text='', units='height', win=Window(...), wrapWidth=1)
8.9988 	EXP 	Created unnamed ImageStim = ImageStim(__class__=<class 'psychopy.visual.image.ImageStim'>, anchor=('center', 'center'), autoLog=True, color=array([1., 1., 1.]), colorSpace='rgb', contrast=1.0, depth=0, draggable=False, flipHoriz=np.False_, flipVert=np.False_, image=None, interpolate=False, mask=None, maskParams=None, name='unnamed ImageStim', opacity=1, ori=0.0, pos=array([-0.53333333,  0.28      ]), size=array([1., 1.]), texRes=128, units='height', win=Window(...))
8.9993 	EXP 	Created unnamed ImageStim = ImageStim(__class__=<class 'psychopy.visual.image.ImageStim'>, anchor=('center', 'center'), autoLog=True, color=array([1., 1., 1.]), colorSpace='rgb', contrast=1.0, depth=0, draggable=False, flipHoriz=np.False_, flipVert=np.False_, image=None, interpolate=False, mask=None, maskParams=None, name='unnamed ImageStim', opacity=1, ori=0.0, pos=array([0.53333333, 0.28      ]), size=array([1., 1.]), texRes=128, units='height', win=Window(...))
8.9998 	EXP 	Created unnamed ImageStim = ImageStim(__class__=<class 'psychopy.visual.image.ImageStim'>, anchor=('center', 'center'), autoLog=True, color=array([1., 1., 1.]), colorSpace='rgb', contrast=1.0, depth=0, draggable=False, flipHoriz=np.False_, flipVert=np.False_, image=None, interpolate=False, mask=None, maskParams=None, name='unnamed ImageStim', opacity=1, ori=0.0, pos=array([-0.53333333, -0.28      ]), size=array([1., 1.]), texRes=128, units='height', win=Window(...))
9.0003 	EXP 	Created unnamed ImageStim = ImageStim(__class__=<class 'psychopy.visual.image.ImageStim'>, anchor=('center', 'center'), autoLog=True, color=array([1., 1., 1.]), colorSpace='rgb', contrast=1.0, depth=0, draggable=False, flipHoriz=np.False_, flipVert=np.False_, image=None, interpolate=False, mask=None, maskParams=None, name='unnamed ImageStim', opacity=1, ori=0.0, pos=array([ 0.53333333, -0.28      ]), size=array([1., 1.]), texRes=128, units='height', win=Window(...))
9.0401 	EXP 	PRACTICE start
9.0436 	EXP 	Created unnamed TextStim = TextStim(__class__=<class 'psychopy.visual.text.TextStim'>, alignHoriz=method-wrapper(...), alignText='center', alignVert=method-wrapper(...), anchorHoriz='center', anchorVert='center', antialias=True, autoDraw=False, autoLog=True, bold=False, color=array([1., 1., 1.]), colorSpace='rgb', contrast=1.0, depth=0, draggable=False, flipHoriz=False, flipVert=False, font='', fontFiles=[], height=np.float64(0.04), italic=False, languageStyle='LTR', name='unnamed TextStim', opacity=1.0, ori=0.0, pos=array([0., 0.]), rgb=UNKNOWN, text='Hello World', units='height', win=Window(...), wrapWidth=1.3)
9.0462 	EXP 	Created unnamed TextStim = TextStim(__class__=<class 'psychopy.visual.text.TextStim'>, alignHoriz=method-wrapper(...), alignText='center', alignVert=method-wrapper(...), anchorHoriz='center', anchorVert='center', antialias=True, autoDraw=False, autoLog=True, bold=False, color=array([0.6, 0.6, 0.6]), colorSpace='rgb', contrast=1.0, depth=0, draggable=False, flipHoriz=False, flipVert=False, font='', fontFiles=[], height=np.float64(0.03), italic=False, languageStyle='LTR', name='unnamed TextStim', opacity=1.0, ori=0.0, pos=array([0.  , 0.45]), rgb=UNKNOWN, text='Practice', units='height', win=Window(...), wrapWidth=1)
9.0927 	EXP 	unnamed TextStim: height = np.float64(0.04)
9.0927 	EXP 	unnamed TextStim: height = np.float64(0.04)
9.0927 	EXP 	unnamed TextStim: height = np.float64(0.04)
9.0927 	EXP 	unnamed TextStim: text = 'In this game you are going to earn points.\nYou can earn points two different ways: a regular round and a bonus round.\n\nPress SPACE for next.'
9.9566 	DATA 	Keypress: down
9.9602 	EXP 	Device response: <KeyPress from None: t=9.935455000028014, value=down, duration=None>
10.0760 	EXP 	Device response: <KeyPress from None: t=9.935455000028014, value=down, duration=0.1349431248381734>
10.8892 	DATA 	Keypress: space
10.8927 	EXP 	Device response: <KeyPress from None: t=10.880458416882902, value=space, duration=None>
11.0092 	EXP 	Device response: <KeyPress from None: t=10.880458416882902, value=space, duration=0.1201605829410255>
11.0255 	EXP 	unnamed TextStim: height = np.float64(0.04)
11.0255 	EXP 	unnamed TextStim: height = np.float64(0.04)
11.0255 	EXP 	unnamed TextStim: height = np.float64(0.04)
11.0255 	EXP 	unnamed TextStim: text = "You'll see three different shapes on the screen. Select one using the LEFT, DOWN, or RIGHT arrow key. If you select correctly, you'll receive 10 points. If you miss, you'll lose 10 points.\n\nSome symbols win more often than others. None of them win or lose every time. The best one can change during the task, so keep paying attention and use what you learn.\n\nThe goal is to get as many points as possible.\n\nLet's practice 2 times.\n\nPress SPACE for next."
12.4260 	EXP 	Device response: <KeyPress from None: t=12.42547387490049, value=space, duration=None>
12.4291 	DATA 	Keypress: space
12.5595 	EXP 	Device response: <KeyPress from None: t=12.42547387490049, value=space, duration=0.11997487535700202>
12.6257 	EXP 	unnamed Rect: fillColor = [0.85, 0.85, 0.85]
12.6257 	EXP 	unnamed Rect: fillColor = [0.85, 0.85, 0.85]
12.6257 	EXP 	unnamed Rect: fillColor = [0.85, 0.85, 0.85]
12.6257 	EXP 	unnamed TextStim: text = ''
12.6257 	EXP 	unnamed TextStim: foreColor = 'white'
12.6257 	EXP 	unnamed TextStim: height = np.float64(0.045)
12.6257 	EXP 	unnamed TextStim: height = np.float64(0.045)
12.6257 	EXP 	unnamed TextStim: height = np.float64(0.045)
12.6257 	EXP 	unnamed TextStim: text = ''
13.3727 	DATA 	Keypress: right
13.3763 	EXP 	Device response: <KeyPress from None: t=13.370431500021368, value=right, duration=None>
13.5093 	EXP 	Device response: <KeyPress from None: t=13.370431500021368, value=right, duration=0.13502104207873344>
14.5258 	EXP 	unnamed TextStim: height = np.float64(0.1)
14.5258 	EXP 	unnamed TextStim: height = np.float64(0.1)
14.5258 	EXP 	unnamed TextStim: height = np.float64(0.1)
14.5258 	EXP 	unnamed TextStim: text = '-10 Points'
14.5258 	EXP 	unnamed TextStim: foreColor = [0.9, 0.2, 0.2]
14.5258 	EXP 	unnamed ImageStim: ori = 1.0
14.5258 	EXP 	unnamed ImageStim: image = 'stimuli/loss/lose_pic.png'
16.4594 	EXP 	unnamed Rect: fillColor = [0.85, 0.85, 0.85]
16.4594 	EXP 	unnamed Rect: fillColor = [0.85, 0.85, 0.85]
16.4594 	EXP 	unnamed Rect: fillColor = [0.85, 0.85, 0.85]
16.4594 	EXP 	unnamed TextStim: text = ''
16.4594 	EXP 	unnamed TextStim: foreColor = 'white'
16.9431 	EXP 	Device response: <KeyPress from None: t=16.940452333074063, value=down, duration=None>
16.9478 	DATA 	Keypress: down
17.0762 	EXP 	Device response: <KeyPress from None: t=16.940452333074063, value=down, duration=0.1350615001283586>
18.3928 	EXP 	unnamed TextStim: height = np.float64(0.1)
18.3928 	EXP 	unnamed TextStim: height = np.float64(0.1)
18.3928 	EXP 	unnamed TextStim: height = np.float64(0.1)
18.3928 	EXP 	unnamed TextStim: text = '+10 Points'
18.3928 	EXP 	unnamed TextStim: foreColor = [0.1, 0.8, 0.3]
18.3928 	EXP 	unnamed ImageStim: ori = 2
18.3928 	EXP 	unnamed ImageStim: image = 'stimuli/win/savory/savory_bandit_103.jpg'
18.3928 	EXP 	unnamed ImageStim: ori = 5
18.3928 	EXP 	unnamed ImageStim: image = 'stimuli/win/savory/savory_bandit_057.jpg'
18.3928 	EXP 	unnamed ImageStim: ori = 3
18.3928 	EXP 	unnamed ImageStim: image = 'stimuli/win/savory/savory_bandit_023.jpg'
18.3928 	EXP 	unnamed ImageStim: ori = -4
18.3928 	EXP 	unnamed ImageStim: image = 'stimuli/win/savory/savory_bandit_122.jpg'
20.3261 	EXP 	unnamed TextStim: height = np.float64(0.04)
20.3261 	EXP 	unnamed TextStim: height = np.float64(0.04)
20.3261 	EXP 	unnamed TextStim: height = np.float64(0.04)
20.3261 	EXP 	unnamed TextStim: text = "Great!\n\nEvery so often a short Bonus round will happen. In this round you will see a picture (regular looking or scrambled), then a cross will appear, and then a white square.\n\nThe moment the square appears, press ANY KEY as fast as you can to earn bonus points.\n\nWait for the square; pressing too early does not count.\n\nLet's practice a couple of times.\n\nPress SPACE for next."
21.6566 	DATA 	Keypress: space
21.6600 	EXP 	Device response: <KeyPress from None: t=21.650473417248577, value=space, duration=None>
21.7598 	EXP 	Device response: <KeyPress from None: t=21.650473417248577, value=space, duration=0.10502012493088841>
21.7761 	EXP 	unnamed TextStim: height = np.float64(0.07)
21.7761 	EXP 	unnamed TextStim: height = np.float64(0.07)
21.7761 	EXP 	unnamed TextStim: height = np.float64(0.07)
21.7761 	EXP 	unnamed TextStim: text = 'Bonus round!'
21.7761 	EXP 	unnamed TextStim: foreColor = 'white'
22.8930 	EXP 	unnamed ImageStim: image = 'stimuli/win/savory/savory_bandit_004.jpg'
27.7432 	EXP 	Device response: <KeyPress from None: t=27.74047137517482, value=right, duration=None>
27.7439 	DATA 	Keypress: right
27.8767 	EXP 	Device response: <KeyPress from None: t=27.74047137517482, value=right, duration=0.12016379181295633>
27.8933 	EXP 	unnamed TextStim: height = np.float64(0.07)
27.8933 	EXP 	unnamed TextStim: height = np.float64(0.07)
27.8933 	EXP 	unnamed TextStim: height = np.float64(0.07)
27.8933 	EXP 	unnamed TextStim: text = 'Congrats!'
27.8933 	EXP 	unnamed TextStim: foreColor = [0.1, 0.8, 0.3]
27.8933 	EXP 	unnamed TextStim: height = np.float64(0.04)
27.8933 	EXP 	unnamed TextStim: height = np.float64(0.04)
27.8933 	EXP 	unnamed TextStim: height = np.float64(0.04)
27.8933 	EXP 	unnamed TextStim: text = '+15 points'
29.4100 	EXP 	unnamed TextStim: height = np.float64(0.07)
29.4100 	EXP 	unnamed TextStim: height = np.float64(0.07)
29.4100 	EXP 	unnamed TextStim: height = np.float64(0.07)
29.4100 	EXP 	unnamed TextStim: text = 'Bonus round!'
29.4100 	EXP 	unnamed TextStim: foreColor = 'white'
30.5099 	EXP 	unnamed ImageStim: image = 'stimuli/neutral/bandit_008.jpg'
34.9272 	EXP 	Device response: <KeyPress from None: t=34.92541066696867, value=down, duration=None>
34.9297 	DATA 	Keypress: down
35.0604 	EXP 	Device response: <KeyPress from None: t=34.92541066696867, value=down, duration=0.12007295805960894>
35.0770 	EXP 	unnamed TextStim: height = np.float64(0.07)
35.0770 	EXP 	unnamed TextStim: height = np.float64(0.07)
35.0770 	EXP 	unnamed TextStim: height = np.float64(0.07)
35.0770 	EXP 	unnamed TextStim: text = 'Congrats!'
35.0770 	EXP 	unnamed TextStim: foreColor = [0.1, 0.8, 0.3]
35.0770 	EXP 	unnamed TextStim: text = '+15 points'
36.6102 	EXP 	unnamed TextStim: height = np.float64(0.07)
36.6102 	EXP 	unnamed TextStim: height = np.float64(0.07)
36.6102 	EXP 	unnamed TextStim: height = np.float64(0.07)
36.6102 	EXP 	unnamed TextStim: text = 'Bonus round!'
36.6102 	EXP 	unnamed TextStim: foreColor = 'white'
37.6937 	EXP 	unnamed ImageStim: image = 'stimuli/neutral/bandit_021.jpg'
42.0222 	DATA 	Keypress: right
42.0276 	EXP 	Device response: <KeyPress from None: t=42.020570792257786, value=right, duration=None>
42.1609 	EXP 	Device response: <KeyPress from None: t=42.020570792257786, value=right, duration=0.13482708297669888>
42.1772 	EXP 	unnamed TextStim: height = np.float64(0.07)
42.1772 	EXP 	unnamed TextStim: height = np.float64(0.07)
42.1772 	EXP 	unnamed TextStim: height = np.float64(0.07)
42.1772 	EXP 	unnamed TextStim: text = 'Congrats!'
42.1772 	EXP 	unnamed TextStim: foreColor = [0.1, 0.8, 0.3]
42.1772 	EXP 	unnamed TextStim: text = '+15 points'
43.7106 	EXP 	unnamed TextStim: height = np.float64(0.04)
43.7106 	EXP 	unnamed TextStim: height = np.float64(0.04)
43.7106 	EXP 	unnamed TextStim: height = np.float64(0.04)
43.7106 	EXP 	unnamed TextStim: text = 'Nice work!\n\nDo you understand the task, or would you like to do more practice rounds?\n\nPress RETURN to practice again        Press SPACE to begin the task\n\nThe whole task takes about 15-20 minutes.'
52.5666 	DATA 	Keypress: escape
52.5781 	EXP 	Device response: <KeyPress from None: t=52.56445370800793, value=escape, duration=None>
52.6947 	EXP 	Device response: <KeyPress from None: t=52.56445370800793, value=escape, duration=0.12093829223886132>
